// Jest Snapshot v1, https://goo.gl/fbAQLP

exports[`ProductOverview component test matches snapshot  1`] = `
<div
  data-testid="loading"
  id="loading"
>
  ⇆ Loading...
</div>
`;

exports[`ProductOverview component tests matches snapshot  1`] = `
<div
  data-testid="loading"
  id="loading"
>
  ⇆ Loading...
</div>
`;
